app/api/events/[slug]/route.ts(40,31): error TS2349: This expression is not callable.
  Each member of the union type '{ <ResultDoc = Document<unknown, {}, IEvent, {}, {}> & IEvent & Required<{ _id: unknown; }> & { __v: number; }>(filter: ObjectId | Query<any, any, {}, unknown, "find", Record<...>> | FilterQuery<...>, projection: ProjectionType<...>, options: QueryOptions<...> & ... 1 more ... & Abortable): Query<...>; <ResultDoc = ...' has signatures, but none of those signatures are compatible with each other.
app/api/events/route.ts(41,42): error TS2349: This expression is not callable.
  Each member of the union type '{ <DocContents = AnyKeys<IEvent>>(docs: (IEvent | DocContents)[], options: CreateOptions & { aggregateErrors: true; }): Promise<(Error | (Document<...> & ... 2 more ... & { ...; }))[]>; <DocContents = AnyKeys<...>>(docs: (IEvent | DocContents)[], options?: CreateOptions): Promise<...>; <DocContents = AnyKeys<...>>(d...' has signatures, but none of those signatures are compatible with each other.
app/api/events/route.ts(58,36): error TS2349: This expression is not callable.
  Each member of the union type '{ <ResultDoc = Document<unknown, {}, IEvent, {}, {}> & IEvent & Required<{ _id: unknown; }> & { __v: number; }>(filter: ObjectId | Query<any, any, {}, unknown, "find", Record<...>> | FilterQuery<...>, projection: ProjectionType<...>, options: QueryOptions<...> & ... 1 more ... & Abortable): Query<...>; <ResultDoc = ...' has signatures, but none of those signatures are compatible with each other.
database/booking.model.ts(46,39): error TS2349: This expression is not callable.
  Each member of the union type '{ <ResultDoc = Document<unknown, {}, IEvent, {}, {}> & IEvent & Required<{ _id: unknown; }> & { __v: number; }>(id: any, projection: ProjectionType<IEvent>, options: QueryOptions<...> & { ...; }): Query<...>; <ResultDoc = Document<...> & ... 2 more ... & { ...; }>(id: any, projection?: ProjectionType<...>, options?:...' has signatures, but none of those signatures are compatible with each other.
lib/actions/booking.actions.ts(11,23): error TS2349: This expression is not callable.
  Each member of the union type '{ <DocContents = AnyKeys<any>>(docs: any[], options: CreateOptions & { aggregateErrors: true; }): Promise<any[]>; <DocContents = AnyKeys<any>>(docs: any[], options?: CreateOptions): Promise<...>; <DocContents = AnyKeys<...>>(doc: any): Promise<...>; <DocContents = AnyKeys<...>>(...docs: any[]): Promise<...>; } | { ....' has signatures, but none of those signatures are compatible with each other.
lib/actions/event.actions.ts(9,35): error TS2349: This expression is not callable.
  Each member of the union type '{ <ResultDoc = Document<unknown, {}, IEvent, {}, {}> & IEvent & Required<{ _id: unknown; }> & { __v: number; }>(filter: ObjectId | Query<any, any, {}, unknown, "find", Record<...>> | FilterQuery<...>, projection: ProjectionType<...>, options: QueryOptions<...> & ... 1 more ... & Abortable): Query<...>; <ResultDoc = ...' has signatures, but none of those signatures are compatible with each other.
lib/actions/event.actions.ts(11,28): error TS2349: This expression is not callable.
  Each member of the union type '{ <ResultDoc = Document<unknown, {}, IEvent, {}, {}> & IEvent & Required<{ _id: unknown; }> & { __v: number; }>(filter: ObjectId | Query<any, any, {}, unknown, "find", Record<...>> | FilterQuery<...>, projection: ProjectionType<...>, options: QueryOptions<...> & ... 1 more ... & Abortable): Query<...>; <ResultDoc = ...' has signatures, but none of those signatures are compatible with each other.
scripts/check_db.ts(28,32): error TS2349: This expression is not callable.
  Each member of the union type '{ <ResultDoc = any>(filter: ObjectId | FilterQuery<Record<string, any>> | Query<any, any, {}, unknown, "find", Record<string, never>>, projection: ProjectionType<...>, options: QueryOptions<...> & ... 1 more ... & Abortable): Query<...>; <ResultDoc = any>(filter: ObjectId | ... 1 more ... | Query<...>, projection?: ...' has signatures, but none of those signatures are compatible with each other.
